../Drivers/CMSIS/Include/core_cm4.h:1684:22:__NVIC_EnableIRQ	16	static,ignoring_inline_asm
../Drivers/CMSIS/Include/core_cm4.h:1814:22:__NVIC_SetPriority	16	static
../Core/Src/osKernel.c:45:6:osKernelStackInit	16	static
../Core/Src/osKernel.c:71:9:osKernelAddThreads	24	static,ignoring_inline_asm
../Core/Src/osKernel.c:93:6:osKernelInit	4	static
../Core/Src/osKernel.c:97:6:osKernelLaunch	16	static
../Core/Src/osKernel.c:110:29:SysTick_Handler	0	static,ignoring_inline_asm
../Core/Src/osKernel.c:133:6:osSchedulerLaunch	4	static,ignoring_inline_asm
../Core/Src/osKernel.c:148:6:osThreadYield	4	static
../Core/Src/osKernel.c:153:6:osSchedulerRoundRobin	8	static
../Core/Src/osKernel.c:161:6:tim2_1hz_interrupt_init	8	static
../Core/Src/osKernel.c:171:6:osSemaphoreInit	16	static
../Core/Src/osKernel.c:175:6:osSemaphoreSet	16	static,ignoring_inline_asm
../Core/Src/osKernel.c:181:6:osSemaphoreWait	16	static,ignoring_inline_asm
