../Drivers/CMSIS/Include/core_cm4.h:1684:22:__NVIC_EnableIRQ	16	static,ignoring_inline_asm
../Drivers/CMSIS/Include/core_cm4.h:1814:22:__NVIC_SetPriority	16	static
../Core/Src/osKernel.c:38:20:save_thread_stackpage	16	static
../Core/Src/osKernel.c:46:20:save_cpu_from_tcb	16	static
../Core/Src/osKernel.c:58:6:osKernelStackInit	16	static
../Core/Src/osKernel.c:85:6:osKernelTaskInit6502	24	static
../Core/Src/osKernel.c:99:9:osKernelAddThreads	32	static,ignoring_inline_asm
../Core/Src/osKernel.c:140:6:osKernelInit	4	static
../Core/Src/osKernel.c:144:6:osKernelLaunch	16	static
../Core/Src/osKernel.c:157:29:SysTick_Handler	0	static,ignoring_inline_asm
../Core/Src/osKernel.c:180:6:osSchedulerLaunch	4	static,ignoring_inline_asm
../Core/Src/osKernel.c:195:6:os6502ContextSwitch	8	static
../Core/Src/osKernel.c:204:6:osSchedulerRoundRobin	16	static
../Core/Src/osKernel.c:216:6:osThreadYield	4	static
../Core/Src/osKernel.c:222:6:tim2_1hz_interrupt_init	8	static
../Core/Src/osKernel.c:232:6:osSemaphoreInit	16	static
../Core/Src/osKernel.c:237:6:osSemaphoreSet	24	static,ignoring_inline_asm
../Core/Src/osKernel.c:254:6:osSemaphoreWait	16	static,ignoring_inline_asm
