../Drivers/CMSIS/Include/core_cm4.h:1684:22:__NVIC_EnableIRQ	16	static,ignoring_inline_asm
../Drivers/CMSIS/Include/core_cm4.h:1814:22:__NVIC_SetPriority	16	static
../Core/Src/osKernel.c:37:20:save_thread_stackpage	16	static
../Core/Src/osKernel.c:41:20:save_main_stackpage	16	static
../Core/Src/osKernel.c:45:20:save_cpu_from_tcb	16	static
../Core/Src/osKernel.c:49:20:save_cpu_to_tcb	16	static
../Core/Src/osKernel.c:61:6:osKernelStackInit	16	static
../Core/Src/osKernel.c:88:6:osKernelTaskInit6502	24	static
../Core/Src/osKernel.c:102:9:osKernelAddThreads	32	static,ignoring_inline_asm
../Core/Src/osKernel.c:137:6:osKernelInit	4	static
../Core/Src/osKernel.c:141:6:osKernelLaunch	16	static
../Core/Src/osKernel.c:154:29:SysTick_Handler	0	static,ignoring_inline_asm
../Core/Src/osKernel.c:177:6:osSchedulerLaunch	4	static,ignoring_inline_asm
../Core/Src/osKernel.c:192:6:os6502ContextSwitch	8	static
../Core/Src/osKernel.c:201:6:osSchedulerRoundRobin	16	static
../Core/Src/osKernel.c:213:6:osThreadYield	4	static
../Core/Src/osKernel.c:219:6:tim2_1hz_interrupt_init	8	static
../Core/Src/osKernel.c:229:6:osSemaphoreInit	16	static
../Core/Src/osKernel.c:234:6:osSemaphoreSet	24	static,ignoring_inline_asm
../Core/Src/osKernel.c:251:6:osSemaphoreWait	16	static,ignoring_inline_asm
